-- The C compiler identification is GNU 13.3.0
-- The CXX compiler identification is GNU 13.3.0
-- Detecting C compiler ABI info
-- Detecting C compiler ABI info - done
-- Check for working C compiler: /usr/bin/cc - skipped
-- Detecting C compile features
-- Detecting C compile features - done
-- Detecting CXX compiler ABI info
-- Detecting CXX compiler ABI info - done
-- Check for working CXX compiler: /usr/bin/c++ - skipped
-- Detecting CXX compile features
-- Detecting CXX compile features - done
-- Found ament_cmake: 2.5.6 (/opt/ros/jazzy/share/ament_cmake/cmake)
-- Found Python3: /usr/bin/python3 (found version "3.12.3") found components: Interpreter 
-- Found rclcpp: 28.1.21 (/opt/ros/jazzy/share/rclcpp/cmake)
-- Found rosidl_generator_c: 4.6.9 (/opt/ros/jazzy/share/rosidl_generator_c/cmake)
-- Found rosidl_generator_cpp: 4.6.9 (/opt/ros/jazzy/share/rosidl_generator_cpp/cmake)
-- Using all available rosidl_typesupport_c: rosidl_typesupport_fastrtps_c;rosidl_typesupport_introspection_c
-- Using all available rosidl_typesupport_cpp: rosidl_typesupport_fastrtps_cpp;rosidl_typesupport_introspection_cpp
-- Found rmw_implementation_cmake: 7.3.3 (/opt/ros/jazzy/share/rmw_implementation_cmake/cmake)
-- Found rmw_fastrtps_cpp: 8.4.4 (/opt/ros/jazzy/share/rmw_fastrtps_cpp/cmake)
-- Found OpenSSL: /usr/lib/x86_64-linux-gnu/libcrypto.so (found version "3.0.13")  
-- Found FastRTPS: /opt/ros/jazzy/include (Required is at least version "2.13") 
-- Using RMW implementation 'rmw_fastrtps_cpp' as default
-- Found pluginlib: 5.4.5 (/opt/ros/jazzy/share/pluginlib/cmake)
-- Found hardware_interface: 4.45.2 (/opt/ros/jazzy/share/hardware_interface/cmake)
-- Found controller_interface: 4.45.2 (/opt/ros/jazzy/share/controller_interface/cmake)
-- Found ament_lint_auto: 0.17.5 (/opt/ros/jazzy/share/ament_lint_auto/cmake)
-- Added test 'lint_cmake' to check CMake code style
-- Added test 'xmllint' to check XML markup files
-- Configuring done (1.4s)
-- Generating done (0.0s)
-- Build files have been written to: /home/g7/Desktop/ROS2-ESP32-Servo-Control/ROS2-Package/build/pikes_servo_ros_control
-- Install configuration: ""
-- Installing: /home/g7/Desktop/ROS2-ESP32-Servo-Control/ROS2-Package/install/pikes_servo_ros_control/share/ament_index/resource_index/package_run_dependencies/pikes_servo_ros_control
-- Installing: /home/g7/Desktop/ROS2-ESP32-Servo-Control/ROS2-Package/install/pikes_servo_ros_control/share/ament_index/resource_index/parent_prefix_path/pikes_servo_ros_control
-- Installing: /home/g7/Desktop/ROS2-ESP32-Servo-Control/ROS2-Package/install/pikes_servo_ros_control/share/pikes_servo_ros_control/environment/ament_prefix_path.sh
-- Installing: /home/g7/Desktop/ROS2-ESP32-Servo-Control/ROS2-Package/install/pikes_servo_ros_control/share/pikes_servo_ros_control/environment/ament_prefix_path.dsv
-- Installing: /home/g7/Desktop/ROS2-ESP32-Servo-Control/ROS2-Package/install/pikes_servo_ros_control/share/pikes_servo_ros_control/environment/path.sh
-- Installing: /home/g7/Desktop/ROS2-ESP32-Servo-Control/ROS2-Package/install/pikes_servo_ros_control/share/pikes_servo_ros_control/environment/path.dsv
-- Installing: /home/g7/Desktop/ROS2-ESP32-Servo-Control/ROS2-Package/install/pikes_servo_ros_control/share/pikes_servo_ros_control/local_setup.bash
-- Installing: /home/g7/Desktop/ROS2-ESP32-Servo-Control/ROS2-Package/install/pikes_servo_ros_control/share/pikes_servo_ros_control/local_setup.sh
-- Installing: /home/g7/Desktop/ROS2-ESP32-Servo-Control/ROS2-Package/install/pikes_servo_ros_control/share/pikes_servo_ros_control/local_setup.zsh
-- Installing: /home/g7/Desktop/ROS2-ESP32-Servo-Control/ROS2-Package/install/pikes_servo_ros_control/share/pikes_servo_ros_control/local_setup.dsv
-- Installing: /home/g7/Desktop/ROS2-ESP32-Servo-Control/ROS2-Package/install/pikes_servo_ros_control/share/pikes_servo_ros_control/package.dsv
-- Installing: /home/g7/Desktop/ROS2-ESP32-Servo-Control/ROS2-Package/install/pikes_servo_ros_control/share/ament_index/resource_index/packages/pikes_servo_ros_control
-- Installing: /home/g7/Desktop/ROS2-ESP32-Servo-Control/ROS2-Package/install/pikes_servo_ros_control/share/pikes_servo_ros_control/cmake/pikes_servo_ros_controlConfig.cmake
-- Installing: /home/g7/Desktop/ROS2-ESP32-Servo-Control/ROS2-Package/install/pikes_servo_ros_control/share/pikes_servo_ros_control/cmake/pikes_servo_ros_controlConfig-version.cmake
-- Installing: /home/g7/Desktop/ROS2-ESP32-Servo-Control/ROS2-Package/install/pikes_servo_ros_control/share/pikes_servo_ros_control/package.xml
