[0.007s] Invoking command in '/home/g7/Desktop/ROS2-ESP32-Servo-Control/ROS2-Package/build/pikes_servo_ros_control': CMAKE_PREFIX_PATH=${CMAKE_PREFIX_PATH}:/opt/ros/jazzy DEBUGINFOD_URLS=https://debuginfod.ubuntu.com /usr/bin/cmake /home/g7/Desktop/ROS2-ESP32-Servo-Control/ROS2-Package/src/pikes_servo_ros_control -DCMAKE_INSTALL_PREFIX=/home/g7/Desktop/ROS2-ESP32-Servo-Control/ROS2-Package/install/pikes_servo_ros_control
[0.113s] -- The C compiler identification is GNU 13.3.0
[0.203s] -- The CXX compiler identification is GNU 13.3.0
[0.219s] -- Detecting C compiler ABI info
[0.293s] -- Detecting C compiler ABI info - done
[0.302s] -- Check for working C compiler: /usr/bin/cc - skipped
[0.302s] -- Detecting C compile features
[0.303s] -- Detecting C compile features - done
[0.310s] -- Detecting CXX compiler ABI info
[0.384s] -- Detecting CXX compiler ABI info - done
[0.393s] -- Check for working CXX compiler: /usr/bin/c++ - skipped
[0.393s] -- Detecting CXX compile features
[0.393s] -- Detecting CXX compile features - done
[0.400s] -- Found ament_cmake: 2.5.6 (/opt/ros/jazzy/share/ament_cmake/cmake)
[0.513s] -- Found Python3: /usr/bin/python3 (found version "3.12.3") found components: Interpreter 
[0.611s] -- Found rclcpp: 28.1.21 (/opt/ros/jazzy/share/rclcpp/cmake)
[0.654s] -- Found rosidl_generator_c: 4.6.9 (/opt/ros/jazzy/share/rosidl_generator_c/cmake)
[0.667s] -- Found rosidl_generator_cpp: 4.6.9 (/opt/ros/jazzy/share/rosidl_generator_cpp/cmake)
[0.687s] -- Using all available rosidl_typesupport_c: rosidl_typesupport_fastrtps_c;rosidl_typesupport_introspection_c
[0.705s] -- Using all available rosidl_typesupport_cpp: rosidl_typesupport_fastrtps_cpp;rosidl_typesupport_introspection_cpp
[0.788s] -- Found rmw_implementation_cmake: 7.3.3 (/opt/ros/jazzy/share/rmw_implementation_cmake/cmake)
[0.790s] -- Found rmw_fastrtps_cpp: 8.4.4 (/opt/ros/jazzy/share/rmw_fastrtps_cpp/cmake)
[0.857s] -- Found OpenSSL: /usr/lib/x86_64-linux-gnu/libcrypto.so (found version "3.0.13")  
[0.873s] -- Found FastRTPS: /opt/ros/jazzy/include (Required is at least version "2.13") 
[0.890s] -- Using RMW implementation 'rmw_fastrtps_cpp' as default
[0.974s] -- Found pluginlib: 5.4.5 (/opt/ros/jazzy/share/pluginlib/cmake)
[0.987s] -- Found hardware_interface: 4.45.2 (/opt/ros/jazzy/share/hardware_interface/cmake)
[1.353s] -- Found controller_interface: 4.45.2 (/opt/ros/jazzy/share/controller_interface/cmake)
[1.361s] -- Found ament_lint_auto: 0.17.5 (/opt/ros/jazzy/share/ament_lint_auto/cmake)
[1.450s] -- Added test 'lint_cmake' to check CMake code style
[1.452s] -- Added test 'xmllint' to check XML markup files
[1.453s] -- Configuring done (1.4s)
[1.458s] -- Generating done (0.0s)
[1.462s] -- Build files have been written to: /home/g7/Desktop/ROS2-ESP32-Servo-Control/ROS2-Package/build/pikes_servo_ros_control
[1.470s] Invoked command in '/home/g7/Desktop/ROS2-ESP32-Servo-Control/ROS2-Package/build/pikes_servo_ros_control' returned '0': CMAKE_PREFIX_PATH=${CMAKE_PREFIX_PATH}:/opt/ros/jazzy DEBUGINFOD_URLS=https://debuginfod.ubuntu.com /usr/bin/cmake /home/g7/Desktop/ROS2-ESP32-Servo-Control/ROS2-Package/src/pikes_servo_ros_control -DCMAKE_INSTALL_PREFIX=/home/g7/Desktop/ROS2-ESP32-Servo-Control/ROS2-Package/install/pikes_servo_ros_control
[1.471s] Invoking command in '/home/g7/Desktop/ROS2-ESP32-Servo-Control/ROS2-Package/build/pikes_servo_ros_control': CMAKE_PREFIX_PATH=${CMAKE_PREFIX_PATH}:/opt/ros/jazzy DEBUGINFOD_URLS=https://debuginfod.ubuntu.com /usr/bin/cmake --build /home/g7/Desktop/ROS2-ESP32-Servo-Control/ROS2-Package/build/pikes_servo_ros_control -- -j12 -l12
[1.498s] Invoked command in '/home/g7/Desktop/ROS2-ESP32-Servo-Control/ROS2-Package/build/pikes_servo_ros_control' returned '0': CMAKE_PREFIX_PATH=${CMAKE_PREFIX_PATH}:/opt/ros/jazzy DEBUGINFOD_URLS=https://debuginfod.ubuntu.com /usr/bin/cmake --build /home/g7/Desktop/ROS2-ESP32-Servo-Control/ROS2-Package/build/pikes_servo_ros_control -- -j12 -l12
[1.504s] Invoking command in '/home/g7/Desktop/ROS2-ESP32-Servo-Control/ROS2-Package/build/pikes_servo_ros_control': CMAKE_PREFIX_PATH=${CMAKE_PREFIX_PATH}:/opt/ros/jazzy DEBUGINFOD_URLS=https://debuginfod.ubuntu.com /usr/bin/cmake --install /home/g7/Desktop/ROS2-ESP32-Servo-Control/ROS2-Package/build/pikes_servo_ros_control
[1.510s] -- Install configuration: ""
[1.510s] -- Installing: /home/g7/Desktop/ROS2-ESP32-Servo-Control/ROS2-Package/install/pikes_servo_ros_control/share/ament_index/resource_index/package_run_dependencies/pikes_servo_ros_control
[1.511s] -- Installing: /home/g7/Desktop/ROS2-ESP32-Servo-Control/ROS2-Package/install/pikes_servo_ros_control/share/ament_index/resource_index/parent_prefix_path/pikes_servo_ros_control
[1.511s] -- Installing: /home/g7/Desktop/ROS2-ESP32-Servo-Control/ROS2-Package/install/pikes_servo_ros_control/share/pikes_servo_ros_control/environment/ament_prefix_path.sh
[1.511s] -- Installing: /home/g7/Desktop/ROS2-ESP32-Servo-Control/ROS2-Package/install/pikes_servo_ros_control/share/pikes_servo_ros_control/environment/ament_prefix_path.dsv
[1.511s] -- Installing: /home/g7/Desktop/ROS2-ESP32-Servo-Control/ROS2-Package/install/pikes_servo_ros_control/share/pikes_servo_ros_control/environment/path.sh
[1.511s] -- Installing: /home/g7/Desktop/ROS2-ESP32-Servo-Control/ROS2-Package/install/pikes_servo_ros_control/share/pikes_servo_ros_control/environment/path.dsv
[1.511s] -- Installing: /home/g7/Desktop/ROS2-ESP32-Servo-Control/ROS2-Package/install/pikes_servo_ros_control/share/pikes_servo_ros_control/local_setup.bash
[1.511s] -- Installing: /home/g7/Desktop/ROS2-ESP32-Servo-Control/ROS2-Package/install/pikes_servo_ros_control/share/pikes_servo_ros_control/local_setup.sh
[1.511s] -- Installing: /home/g7/Desktop/ROS2-ESP32-Servo-Control/ROS2-Package/install/pikes_servo_ros_control/share/pikes_servo_ros_control/local_setup.zsh
[1.511s] -- Installing: /home/g7/Desktop/ROS2-ESP32-Servo-Control/ROS2-Package/install/pikes_servo_ros_control/share/pikes_servo_ros_control/local_setup.dsv
[1.511s] -- Installing: /home/g7/Desktop/ROS2-ESP32-Servo-Control/ROS2-Package/install/pikes_servo_ros_control/share/pikes_servo_ros_control/package.dsv
[1.511s] -- Installing: /home/g7/Desktop/ROS2-ESP32-Servo-Control/ROS2-Package/install/pikes_servo_ros_control/share/ament_index/resource_index/packages/pikes_servo_ros_control
[1.512s] -- Installing: /home/g7/Desktop/ROS2-ESP32-Servo-Control/ROS2-Package/install/pikes_servo_ros_control/share/pikes_servo_ros_control/cmake/pikes_servo_ros_controlConfig.cmake
[1.512s] -- Installing: /home/g7/Desktop/ROS2-ESP32-Servo-Control/ROS2-Package/install/pikes_servo_ros_control/share/pikes_servo_ros_control/cmake/pikes_servo_ros_controlConfig-version.cmake
[1.512s] -- Installing: /home/g7/Desktop/ROS2-ESP32-Servo-Control/ROS2-Package/install/pikes_servo_ros_control/share/pikes_servo_ros_control/package.xml
[1.513s] Invoked command in '/home/g7/Desktop/ROS2-ESP32-Servo-Control/ROS2-Package/build/pikes_servo_ros_control' returned '0': CMAKE_PREFIX_PATH=${CMAKE_PREFIX_PATH}:/opt/ros/jazzy DEBUGINFOD_URLS=https://debuginfod.ubuntu.com /usr/bin/cmake --install /home/g7/Desktop/ROS2-ESP32-Servo-Control/ROS2-Package/build/pikes_servo_ros_control
