-- Found ament_cmake: 2.5.6 (/opt/ros/jazzy/share/ament_cmake/cmake)
-- Found rclcpp: 28.1.21 (/opt/ros/jazzy/share/rclcpp/cmake)
-- Found rosidl_generator_c: 4.6.9 (/opt/ros/jazzy/share/rosidl_generator_c/cmake)
-- Found rosidl_generator_cpp: 4.6.9 (/opt/ros/jazzy/share/rosidl_generator_cpp/cmake)
-- Using all available rosidl_typesupport_c: rosidl_typesupport_fastrtps_c;rosidl_typesupport_introspection_c
-- Using all available rosidl_typesupport_cpp: rosidl_typesupport_fastrtps_cpp;rosidl_typesupport_introspection_cpp
-- Found rmw_implementation_cmake: 7.3.3 (/opt/ros/jazzy/share/rmw_implementation_cmake/cmake)
-- Found rmw_fastrtps_cpp: 8.4.4 (/opt/ros/jazzy/share/rmw_fastrtps_cpp/cmake)
-- Using RMW implementation 'rmw_fastrtps_cpp' as default
-- Found pluginlib: 5.4.5 (/opt/ros/jazzy/share/pluginlib/cmake)
-- Found hardware_interface: 4.45.2 (/opt/ros/jazzy/share/hardware_interface/cmake)
-- Found controller_interface: 4.45.2 (/opt/ros/jazzy/share/controller_interface/cmake)
-- Found PahoMqttC: /usr/lib/x86_64-linux-gnu/libpaho-mqtt3as.so  
-- Found Threads: TRUE  
-- Found ament_lint_auto: 0.17.5 (/opt/ros/jazzy/share/ament_lint_auto/cmake)
-- Added test 'cppcheck' to perform static code analysis on C / C++ code
-- Configured cppcheck include dirs: /home/g7/Desktop/ROS2-ESP32-Servo-Control/ROS2-Package/src/pikes_servo_ros_control/include
-- Configured cppcheck exclude dirs and/or files: 
-- Added test 'flake8' to check Python code syntax and style conventions
-- Configured 'flake8' exclude dirs and/or files: 
-- Added test 'lint_cmake' to check CMake code style
-- Added test 'pep257' to check Python code against some of the docstring style conventions in PEP 257
-- Added test 'uncrustify' to check C / C++ code style
-- Configured uncrustify additional arguments: 
-- Added test 'xmllint' to check XML markup files
-- Configuring done (0.8s)
-- Generating done (0.0s)
-- Build files have been written to: /home/g7/Desktop/ROS2-ESP32-Servo-Control/ROS2-Package/build/pikes_servo_ros_control
[ 50%] [32mBuilding CXX object CMakeFiles/keyboard_teleop.dir/src/keyboard_controller.cpp.o[0m
[ 50%] [32mBuilding CXX object CMakeFiles/servo_hardware.dir/src/servo_hardware.cpp.o[0m
[ 75%] [32m[1mLinking CXX executable keyboard_teleop[0m
[ 75%] Built target keyboard_teleop
[100%] [32m[1mLinking CXX shared library libservo_hardware.so[0m
[100%] Built target servo_hardware
-- Install configuration: ""
-- Installing: /home/g7/Desktop/ROS2-ESP32-Servo-Control/ROS2-Package/install/pikes_servo_ros_control/share/pikes_servo_ros_control/servo_hardware.xml
-- Installing: /home/g7/Desktop/ROS2-ESP32-Servo-Control/ROS2-Package/install/pikes_servo_ros_control/lib/pikes_servo_ros_control/keyboard_teleop
-- Set non-toolchain portion of runtime path of "/home/g7/Desktop/ROS2-ESP32-Servo-Control/ROS2-Package/install/pikes_servo_ros_control/lib/pikes_servo_ros_control/keyboard_teleop" to ""
-- Installing: /home/g7/Desktop/ROS2-ESP32-Servo-Control/ROS2-Package/install/pikes_servo_ros_control/include/
-- Installing: /home/g7/Desktop/ROS2-ESP32-Servo-Control/ROS2-Package/install/pikes_servo_ros_control/include//pikes_servo_ros_control
-- Installing: /home/g7/Desktop/ROS2-ESP32-Servo-Control/ROS2-Package/install/pikes_servo_ros_control/include//pikes_servo_ros_control/servo_hardware.hpp
-- Installing: /home/g7/Desktop/ROS2-ESP32-Servo-Control/ROS2-Package/install/pikes_servo_ros_control/lib/libservo_hardware.so
-- Set non-toolchain portion of runtime path of "/home/g7/Desktop/ROS2-ESP32-Servo-Control/ROS2-Package/install/pikes_servo_ros_control/lib/libservo_hardware.so" to ""
-- Up-to-date: /home/g7/Desktop/ROS2-ESP32-Servo-Control/ROS2-Package/install/pikes_servo_ros_control/share/pikes_servo_ros_control/servo_hardware.xml
-- Installing: /home/g7/Desktop/ROS2-ESP32-Servo-Control/ROS2-Package/install/pikes_servo_ros_control/share/pikes_servo_ros_control/launch
-- Installing: /home/g7/Desktop/ROS2-ESP32-Servo-Control/ROS2-Package/install/pikes_servo_ros_control/share/pikes_servo_ros_control/launch/servo_control.launch.py
-- Installing: /home/g7/Desktop/ROS2-ESP32-Servo-Control/ROS2-Package/install/pikes_servo_ros_control/share/pikes_servo_ros_control/urdf
-- Installing: /home/g7/Desktop/ROS2-ESP32-Servo-Control/ROS2-Package/install/pikes_servo_ros_control/share/pikes_servo_ros_control/urdf/servo_robot.urdf
-- Installing: /home/g7/Desktop/ROS2-ESP32-Servo-Control/ROS2-Package/install/pikes_servo_ros_control/share/pikes_servo_ros_control/config
-- Installing: /home/g7/Desktop/ROS2-ESP32-Servo-Control/ROS2-Package/install/pikes_servo_ros_control/share/pikes_servo_ros_control/config/servo_controllers.yaml
-- Installing: /home/g7/Desktop/ROS2-ESP32-Servo-Control/ROS2-Package/install/pikes_servo_ros_control/share/ament_index/resource_index/package_run_dependencies/pikes_servo_ros_control
-- Up-to-date: /home/g7/Desktop/ROS2-ESP32-Servo-Control/ROS2-Package/install/pikes_servo_ros_control/share/ament_index/resource_index/parent_prefix_path/pikes_servo_ros_control
-- Up-to-date: /home/g7/Desktop/ROS2-ESP32-Servo-Control/ROS2-Package/install/pikes_servo_ros_control/share/pikes_servo_ros_control/environment/ament_prefix_path.sh
-- Up-to-date: /home/g7/Desktop/ROS2-ESP32-Servo-Control/ROS2-Package/install/pikes_servo_ros_control/share/pikes_servo_ros_control/environment/ament_prefix_path.dsv
-- Up-to-date: /home/g7/Desktop/ROS2-ESP32-Servo-Control/ROS2-Package/install/pikes_servo_ros_control/share/pikes_servo_ros_control/environment/path.sh
-- Up-to-date: /home/g7/Desktop/ROS2-ESP32-Servo-Control/ROS2-Package/install/pikes_servo_ros_control/share/pikes_servo_ros_control/environment/path.dsv
-- Up-to-date: /home/g7/Desktop/ROS2-ESP32-Servo-Control/ROS2-Package/install/pikes_servo_ros_control/share/pikes_servo_ros_control/local_setup.bash
-- Up-to-date: /home/g7/Desktop/ROS2-ESP32-Servo-Control/ROS2-Package/install/pikes_servo_ros_control/share/pikes_servo_ros_control/local_setup.sh
-- Up-to-date: /home/g7/Desktop/ROS2-ESP32-Servo-Control/ROS2-Package/install/pikes_servo_ros_control/share/pikes_servo_ros_control/local_setup.zsh
-- Up-to-date: /home/g7/Desktop/ROS2-ESP32-Servo-Control/ROS2-Package/install/pikes_servo_ros_control/share/pikes_servo_ros_control/local_setup.dsv
-- Up-to-date: /home/g7/Desktop/ROS2-ESP32-Servo-Control/ROS2-Package/install/pikes_servo_ros_control/share/pikes_servo_ros_control/package.dsv
-- Up-to-date: /home/g7/Desktop/ROS2-ESP32-Servo-Control/ROS2-Package/install/pikes_servo_ros_control/share/ament_index/resource_index/packages/pikes_servo_ros_control
-- Installing: /home/g7/Desktop/ROS2-ESP32-Servo-Control/ROS2-Package/install/pikes_servo_ros_control/share/ament_index/resource_index/hardware_interface__pluginlib__plugin/pikes_servo_ros_control
-- Up-to-date: /home/g7/Desktop/ROS2-ESP32-Servo-Control/ROS2-Package/install/pikes_servo_ros_control/share/pikes_servo_ros_control/cmake/pikes_servo_ros_controlConfig.cmake
-- Up-to-date: /home/g7/Desktop/ROS2-ESP32-Servo-Control/ROS2-Package/install/pikes_servo_ros_control/share/pikes_servo_ros_control/cmake/pikes_servo_ros_controlConfig-version.cmake
-- Installing: /home/g7/Desktop/ROS2-ESP32-Servo-Control/ROS2-Package/install/pikes_servo_ros_control/share/pikes_servo_ros_control/package.xml
